// Jest Snapshot v1, https://goo.gl/fbAQLP

exports[`render snapShot should return FieldContainer layout component 1`] = `
<div
  className="sc-bdvvtL jfhSOZ"
>
  <p
    className="sc-gsDKAQ kfPKVl"
  >
    Description
  </p>
  <span
    className="sc-dkPtRN dIidvx"
  >
    Title
  </span>
</div>
`;
